<?xml version="1.0" encoding="utf-8"?>
<test-results xmlns:xsi="http://www.w3.org/2001/XMLSchema-instance" xmlns:xsd="http://www.w3.org/2001/XMLSchema" name="Results" total="20" errors="0" failures="0" inconclusive="0" not-run="0" ignored="0" skipped="0" invalid="0" date="2013-02-24" time="23:04:07">
  <environment nunit-version="2.5.10.11092" clr-version="4.0.30319.17020" os-version="Unix 12.2.1.0" platform="Unix" machine-name="Alexs-MacBook-Pro.local" user="alexfalkowski" user-domain="Alexs-MacBook-Pro.local" />
  <culture-info current-culture="en-AU" current-uiculture="en-AU" />
  <test-suite type="Assembly" name="Specifications" time="0.081" executed="True" asserts="0" result="Success">
    <results>
      <test-suite type="TestFixture" name="some values" success="True" time="0.004" executed="True" asserts="0" result="Success">
        <results>
          <test-case name="should be some integer" success="True" time="0.004" executed="True" asserts="0" result="Success" />
        </results>
      </test-suite>
      <test-suite type="TestFixture" name="none values" success="True" time="0" executed="True" asserts="0" result="Success">
        <results>
          <test-case name="should be a none string" success="True" time="0" executed="True" asserts="0" result="Success" />
        </results>
      </test-suite>
      <test-suite type="TestFixture" name="actions" success="True" time="0.001" executed="True" asserts="0" result="Success">
        <results>
          <test-case name="should perform action" success="True" time="0.001" executed="True" asserts="0" result="Success" />
          <test-case name="should not perform action" success="True" time="0" executed="True" asserts="0" result="Success" />
        </results>
      </test-suite>
      <test-suite type="TestFixture" name="functions" success="True" time="0.003" executed="True" asserts="0" result="Success">
        <results>
          <test-case name="should perform function" success="True" time="0.003" executed="True" asserts="0" result="Success" />
          <test-case name="should perform function with option" success="True" time="0" executed="True" asserts="0" result="Success" />
          <test-case name="should not perform function" success="True" time="0" executed="True" asserts="0" result="Success" />
          <test-case name="should not perform function with option" success="True" time="0" executed="True" asserts="0" result="Success" />
        </results>
      </test-suite>
      <test-suite type="TestFixture" name="equality" success="True" time="0" executed="True" asserts="0" result="Success">
        <results>
          <test-case name="should be equal" success="True" time="0" executed="True" asserts="0" result="Success" />
          <test-case name="should have no value" success="True" time="0" executed="True" asserts="0" result="Success" />
        </results>
      </test-suite>
      <test-suite type="TestFixture" name="some values" success="True" time="0.009" executed="True" asserts="0" result="Success">
        <results>
          <test-case name="should be some uri" success="True" time="0.008" executed="True" asserts="0" result="Success" />
          <test-case name="should be some integer" success="True" time="0.001" executed="True" asserts="0" result="Success" />
        </results>
      </test-suite>
      <test-suite type="TestFixture" name="none values" success="True" time="0" executed="True" asserts="0" result="Success">
        <results>
          <test-case name="should be none for nullable type" success="True" time="0" executed="True" asserts="0" result="Success" />
          <test-case name="should be none" success="True" time="0" executed="True" asserts="0" result="Success" />
          <test-case name="should be none with empty string" success="True" time="0" executed="True" asserts="0" result="Success" />
          <test-case name="should be none with white space" success="True" time="0" executed="True" asserts="0" result="Success" />
          <test-case name="should be none uri" success="True" time="0" executed="True" asserts="0" result="Success" />
          <test-case name="should be none integer" success="True" time="0" executed="True" asserts="0" result="Success" />
        </results>
      </test-suite>
      <test-suite type="TestFixture" name="alternative values" success="True" time="0" executed="True" asserts="0" result="Success">
        <results>
          <test-case name="should not get alternative value" success="True" time="0" executed="True" asserts="0" result="Success" />
          <test-case name="should get alternative value" success="True" time="0" executed="True" asserts="0" result="Success" />
        </results>
      </test-suite>
    </results>
  </test-suite>
</test-results>